#-----------------------------------------------------------
# Webtalk v2018.3 (64-bit)
# SW Build 2405991 on Thu Dec  6 23:38:27 MST 2018
# IP Build 2404404 on Fri Dec  7 01:43:56 MST 2018
# Start of session at: Sat Aug  8 18:46:16 2020
# Process ID: 9188
# Current directory: C:/Users/SHC/vivado/aes_engine_wrapper/aes_engine_wrapper.sim/sim_1/synth/func/xsim
# Command line: wbtcv.exe -mode batch -source C:/Users/SHC/vivado/aes_engine_wrapper/aes_engine_wrapper.sim/sim_1/synth/func/xsim/xsim.dir/tb_aes_wrapper_func_synth/webtalk/xsim_webtalk.tcl -notrace
# Log file: C:/Users/SHC/vivado/aes_engine_wrapper/aes_engine_wrapper.sim/sim_1/synth/func/xsim/webtalk.log
# Journal file: C:/Users/SHC/vivado/aes_engine_wrapper/aes_engine_wrapper.sim/sim_1/synth/func/xsim\webtalk.jou
#-----------------------------------------------------------
source C:/Users/SHC/vivado/aes_engine_wrapper/aes_engine_wrapper.sim/sim_1/synth/func/xsim/xsim.dir/tb_aes_wrapper_func_synth/webtalk/xsim_webtalk.tcl -notrace
